// Jest Snapshot v1, https://goo.gl/fbAQLP

exports[`BackButton should render properly 1`] = `
<div>
  <button
    class="transition duration-150 hover:shadow-lg focus:shadow-lg focus:ring ring-accent disabled:opacity-50 p-2 rounded inline-flex justify-center items-center    "
    title="Go back"
    type="button"
  >
    <svg
      fill="currentColor"
      height="1em"
      stroke="currentColor"
      stroke-width="0"
      viewBox="0 0 512 512"
      width="1em"
      xmlns="http://www.w3.org/2000/svg"
    >
      <path
        d="M244 400L100 256l144-144M120 256h292"
        fill="none"
        stroke-linecap="round"
        stroke-linejoin="round"
        stroke-width="48"
      />
    </svg>
  </button>
</div>
`;
